[preview.colorlib.com/theme/ruft/index.html]
[preview.colorlib.com/theme/ruft/img/fav.png]
[backblue.gif]
[fade.gif]
[index.html]
[preview.colorlib.com/theme/ruft/css/linearicons.css]
[preview.colorlib.com/theme/ruft/css/font-awesome.min.css]
[preview.colorlib.com/theme/ruft/css/bootstrap.css]
[preview.colorlib.com/theme/ruft/css/magnific-popup.css]
[preview.colorlib.com/theme/ruft/css/nice-select.css]
[preview.colorlib.com/theme/ruft/css/animate.min.css]
[preview.colorlib.com/theme/ruft/css/owl.carousel.css]
[preview.colorlib.com/theme/ruft/css/main.css]
[preview.colorlib.com/theme/ruft/index-2.html]
[preview.colorlib.com/theme/ruft/img/logo.png]
[preview.colorlib.com/theme/ruft/category.html]
[preview.colorlib.com/theme/ruft/archive.html]
[preview.colorlib.com/theme/ruft/elements.html]
[preview.colorlib.com/theme/ruft/blog-details.html]
[preview.colorlib.com/theme/ruft/contact.html]
[preview.colorlib.com/theme/ruft/img/author/a1.png]
[preview.colorlib.com/theme/ruft/img/posts/p1.jpg]
[preview.colorlib.com/theme/ruft/img/posts/p2.jpg]
[preview.colorlib.com/theme/ruft/img/posts/p3.jpg]
[preview.colorlib.com/theme/ruft/img/posts/p4.jpg]
[preview.colorlib.com/theme/ruft/img/posts/p5.jpg]
[preview.colorlib.com/theme/ruft/img/blog/user2.png]
[preview.colorlib.com/theme/ruft/img/blog/r1.jpg]
[preview.colorlib.com/theme/ruft/img/blog/r2.jpg]
[preview.colorlib.com/theme/ruft/img/blog/r3.jpg]
[preview.colorlib.com/theme/ruft/img/blog/r4.jpg]
[preview.colorlib.com/theme/ruft/img/i1.jpg]
[preview.colorlib.com/theme/ruft/img/i2.jpg]
[preview.colorlib.com/theme/ruft/img/i3.jpg]
[preview.colorlib.com/theme/ruft/img/i4.jpg]
[preview.colorlib.com/theme/ruft/img/i5.jpg]
[preview.colorlib.com/theme/ruft/img/i6.jpg]
[preview.colorlib.com/theme/ruft/img/i7.jpg]
[preview.colorlib.com/theme/ruft/img/i8.jpg]
[preview.colorlib.com/theme/ruft/js/vendor/jquery-2.2.4.min.js]
[cdnjs.cloudflare.com/ajax/libs/popper.js/1.12.9/umd/popper.min.js]
[preview.colorlib.com/theme/ruft/js/vendor/bootstrap.min.js]
[preview.colorlib.com/theme/ruft/js/easing.min.js]
[preview.colorlib.com/theme/ruft/js/hoverIntent.js]
[preview.colorlib.com/theme/ruft/js/superfish.min.js]
[preview.colorlib.com/theme/ruft/js/jquery.ajaxchimp.min.js]
[preview.colorlib.com/theme/ruft/js/jquery.magnific-popup.min.js]
[preview.colorlib.com/theme/ruft/js/owl.carousel.min.js]
[preview.colorlib.com/theme/ruft/js/jquery.nice-select.min.js]
[preview.colorlib.com/theme/ruft/js/waypoints.min.js]
[preview.colorlib.com/theme/ruft/js/mail-script.js]
[preview.colorlib.com/theme/ruft/index.html]
[preview.colorlib.com/theme/ruft/js/main.js]
[preview.colorlib.com/theme/ruft/fonts/Linearicons-Free54e9.eot]
[preview.colorlib.com/theme/ruft/fonts/Linearicons-Freed41d.eot]
[preview.colorlib.com/theme/ruft/fonts/Linearicons-Free54e9.woff2]
[preview.colorlib.com/theme/ruft/fonts/Linearicons-Free54e9.woff]
[preview.colorlib.com/theme/ruft/fonts/Linearicons-Free54e9.ttf]
[preview.colorlib.com/theme/ruft/css/linearicons.css]
[preview.colorlib.com/theme/ruft/fonts/Linearicons-Free54e9.svg]
[preview.colorlib.com/theme/ruft/fonts/fontawesome-webfont3e6e.eot]
[preview.colorlib.com/theme/ruft/fonts/fontawesome-webfontd41d.eot]
[preview.colorlib.com/theme/ruft/fonts/fontawesome-webfont3e6e.woff2]
[preview.colorlib.com/theme/ruft/fonts/fontawesome-webfont3e6e.woff]
[preview.colorlib.com/theme/ruft/fonts/fontawesome-webfont3e6e.ttf]
[preview.colorlib.com/theme/ruft/css/font-awesome.min.css]
[preview.colorlib.com/theme/ruft/css/bootstrap.css]
[preview.colorlib.com/theme/ruft/css/magnific-popup.css]
[preview.colorlib.com/theme/ruft/css/nice-select.css]
[preview.colorlib.com/theme/ruft/css/animate.min.css]
[preview.colorlib.com/theme/ruft/css/owl.video.play.png]
[preview.colorlib.com/theme/ruft/css/owl.carousel.css]
[preview.colorlib.com/theme/ruft/fonts/fontawesome-webfont3e6e.svg]
[preview.colorlib.com/theme/ruft/img/elements/primary-check.png]
[preview.colorlib.com/theme/ruft/img/elements/success-check.png]
[preview.colorlib.com/theme/ruft/img/elements/disabled-check.png]
[preview.colorlib.com/theme/ruft/img/elements/primary-radio.png]
[preview.colorlib.com/theme/ruft/img/elements/success-radio.png]
[preview.colorlib.com/theme/ruft/img/elements/disabled-radio.png]
[preview.colorlib.com/theme/ruft/img/banner-bg.jpg]
[preview.colorlib.com/theme/ruft/css/main.css]
[preview.colorlib.com/cdn-cgi/zaraz/sd0d9.js]
[preview.colorlib.com/theme/ruft/index-2.html]
[preview.colorlib.com/theme/ruft/img/category/c1.jpg]
[preview.colorlib.com/theme/ruft/img/category/c2.jpg]
[preview.colorlib.com/theme/ruft/img/category/c3.jpg]
[preview.colorlib.com/theme/ruft/img/category/c4.jpg]
[preview.colorlib.com/theme/ruft/img/category/c5.jpg]
[preview.colorlib.com/theme/ruft/img/category/c6.jpg]
[preview.colorlib.com/theme/ruft/img/category/c7.jpg]
[preview.colorlib.com/theme/ruft/img/category/c8.jpg]
[preview.colorlib.com/theme/ruft/category.html]
[preview.colorlib.com/theme/ruft/img/archive/c3.jpg]
[preview.colorlib.com/theme/ruft/img/archive/c7.jpg]
[preview.colorlib.com/theme/ruft/img/archive/c4.jpg]
[preview.colorlib.com/theme/ruft/img/archive/c1.jpg]
[preview.colorlib.com/theme/ruft/img/archive/c5.jpg]
[preview.colorlib.com/theme/ruft/img/archive/c8.jpg]
[preview.colorlib.com/theme/ruft/img/archive/c2.jpg]
[preview.colorlib.com/theme/ruft/archive.html]
[preview.colorlib.com/theme/ruft/img/elements/d.jpg]
[preview.colorlib.com/theme/ruft/img/elements/f1.jpg]
[preview.colorlib.com/theme/ruft/img/elements/f2.jpg]
[preview.colorlib.com/theme/ruft/img/elements/f3.jpg]
[preview.colorlib.com/theme/ruft/img/elements/f4.jpg]
[preview.colorlib.com/theme/ruft/img/elements/f5.jpg]
[preview.colorlib.com/theme/ruft/img/elements/f6.jpg]
[preview.colorlib.com/theme/ruft/img/elements/f7.jpg]
[preview.colorlib.com/theme/ruft/img/elements/f8.jpg]
[preview.colorlib.com/theme/ruft/img/elements/g1.jpg]
[preview.colorlib.com/theme/ruft/img/elements/g2.jpg]
[preview.colorlib.com/theme/ruft/img/elements/g3.jpg]
[preview.colorlib.com/theme/ruft/img/elements/g4.jpg]
[preview.colorlib.com/theme/ruft/img/elements/g5.jpg]
[preview.colorlib.com/theme/ruft/img/elements/g6.jpg]
[preview.colorlib.com/theme/ruft/img/elements/g7.jpg]
[preview.colorlib.com/theme/ruft/img/elements/g8.jpg]
[preview.colorlib.com/theme/ruft/elements.html]
[preview.colorlib.com/theme/ruft/img/blog/news-blog.jpg]
[preview.colorlib.com/theme/ruft/img/blog/user-img.jpg]
[preview.colorlib.com/theme/ruft/img/blog/prev.jpg]
[preview.colorlib.com/theme/ruft/img/blog/next.jpg]
[preview.colorlib.com/theme/ruft/img/blog/c1.jpg]
[preview.colorlib.com/theme/ruft/img/blog/c2.jpg]
[preview.colorlib.com/theme/ruft/img/blog/c3.jpg]
[preview.colorlib.com/theme/ruft/img/blog/c4.jpg]
[preview.colorlib.com/theme/ruft/img/blog/c5.jpg]
[preview.colorlib.com/theme/ruft/blog-details.html]
[preview.colorlib.com/theme/ruft/contact.html]
[preview.colorlib.com/theme/ruft/fonts/Linearicons-Free54e9.svg]
[preview.colorlib.com/theme/ruft/fonts/fontawesome-webfont3e6e.svg]
[preview.colorlib.com/theme/ruft/css/owl.video.play.html]
[preview.colorlib.com/cdn-cgi/scripts/5c5dd728/cloudflare-static/email-decode.min.js]
